<!DOCTYPE html><html> <head> <title>production</title> <link rel="stylesheet" type="text/css" href="/app.css"/> </head> <body> <script type="text/javascript" src="/app.js"></script> </body></html>