<!DOCTYPE html><html> <head> <title>development</title> <link rel="stylesheet" type="text/css" href="/app_dev.css"/> </head> <body> <script type="text/javascript" src="/app_dev.js"></script> </body></html>